BL51 BANKED LINKER/LOCATER V6.22                                                        05/19/2017  15:53:20  PAGE 1


BL51 BANKED LINKER/LOCATER V6.22, INVOKED BY:
C:\KEIL\C51\BIN\BL51.EXE DS18B20.obj, INF.obj, LED.obj, main.obj, other.obj, LCD12864.obj TO Test


MEMORY MODEL: SMALL WITH FLOATING POINT ARITHMETIC


INPUT MODULES INCLUDED:
  DS18B20.obj (DS18B20)
  INF.obj (INF)
  LED.obj (LED)
  main.obj (MAIN)
  other.obj (OTHER)
  LCD12864.obj (LCD12864)
  C:\KEIL\C51\LIB\C51FPS.LIB (?C?FPMUL)
  C:\KEIL\C51\LIB\C51FPS.LIB (?C?FCAST)
  C:\KEIL\C51\LIB\C51FPS.LIB (?C?CASTF)
  C:\KEIL\C51\LIB\C51FPS.LIB (?C?FPGETOPN)
  C:\KEIL\C51\LIB\C51S.LIB (?C_STARTUP)
  C:\KEIL\C51\LIB\C51S.LIB (?C?COPY)
  C:\KEIL\C51\LIB\C51S.LIB (?C?CLDPTR)
  C:\KEIL\C51\LIB\C51S.LIB (?C?IMUL)
  C:\KEIL\C51\LIB\C51S.LIB (?C?UIDIV)
  C:\KEIL\C51\LIB\C51S.LIB (?C?LNEG)
  C:\KEIL\C51\LIB\C51S.LIB (?C_INIT)


LINK MAP OF MODULE:  Test (DS18B20)


            TYPE    BASE      LENGTH    RELOCATION   SEGMENT NAME
            -----------------------------------------------------

            * * * * * * *   D A T A   M E M O R Y   * * * * * * *
            REG     0000H     0008H     ABSOLUTE     "REG BANK 0"
            DATA    0008H     0008H     UNIT         ?DT?INF
            DATA    0010H     0006H     UNIT         ?DT?LED
            DATA    0016H     0001H     UNIT         ?DT?DS18B20
            DATA    0017H     0001H     UNIT         ?DT?MAIN
            DATA    0018H     0001H     UNIT         ?DT?_DIS_CHAR?LCD12864
                    0019H     0007H                  *** GAP ***
            BIT     0020H.0   0000H.2   UNIT         ?BI?MAIN
            BIT     0020H.2   0000H.1   UNIT         ?BI?INF
                    0020H.3   0000H.5                *** GAP ***
            DATA    0021H     0055H     UNIT         _DATA_GROUP_
            IDATA   0076H     0001H     UNIT         ?STACK

            * * * * * * *   C O D E   M E M O R Y   * * * * * * *
            CODE    0000H     0003H     ABSOLUTE     
            CODE    0003H     0003H     ABSOLUTE     
                    0006H     0005H                  *** GAP ***
            CODE    000BH     0003H     ABSOLUTE     
                    000EH     0005H                  *** GAP ***
            CODE    0013H     0003H     ABSOLUTE     
                    0016H     0005H                  *** GAP ***
            CODE    001BH     0003H     ABSOLUTE     
            CODE    001EH     0349H     UNIT         ?C?LIB_CODE
            CODE    0367H     011FH     UNIT         ?PR?_LCD12864_TEST?MAIN
BL51 BANKED LINKER/LOCATER V6.22                                                      05/19/2017  15:53:20  PAGE 2


            CODE    0486H     0103H     UNIT         ?PR?_TEMP_TEST?MAIN
            CODE    0589H     00FEH     UNIT         ?PR?_LED_TEST?MAIN
            CODE    0687H     00DBH     UNIT         ?PR?INT0_ISR?INF
            CODE    0762H     008CH     UNIT         ?C_C51STARTUP
            CODE    07EEH     0086H     UNIT         ?PR?INF_TEST?MAIN
            CODE    0874H     006FH     UNIT         ?PR?_LED_DISPLAY?LED
            CODE    08E3H     005AH     UNIT         ?PR?READ_TEMP?DS18B20
            CODE    093DH     0058H     UNIT         ?PR?_LIUSHUI_TEST?MAIN
            CODE    0995H     0056H     UNIT         ?PR?INT1_ISR?MAIN
            CODE    09EBH     004DH     UNIT         ?CO?MAIN
            CODE    0A38H     0046H     UNIT         ?PR?AUTO_TEST?MAIN
            CODE    0A7EH     0043H     UNIT         ?PR?TIME1?LED
            CODE    0AC1H     0032H     UNIT         ?PR?MANUAL_TEST?MAIN
            CODE    0AF3H     0032H     UNIT         ?PR?LCD_INIT?LCD12864
            CODE    0B25H     0031H     UNIT         ?PR?MODE_JUDGE?MAIN
            CODE    0B56H     002CH     UNIT         ?PR?_DELAY_1MS?OTHER
            CODE    0B82H     002BH     UNIT         ?PR?DS1820RD?DS18B20
            CODE    0BADH     002AH     UNIT         ?PR?KEY_TEST?MAIN
            CODE    0BD7H     002AH     UNIT         ?PR?_DIS_MANY?LCD12864
            CODE    0C01H     0028H     UNIT         ?PR?_DS1820WR?DS18B20
            CODE    0C29H     0025H     UNIT         ?PR?_LCD_WCMD?LCD12864
            CODE    0C4EH     0021H     UNIT         ?PR?_DELAY_1US?OTHER
            CODE    0C6FH     0020H     UNIT         ?PR?_LCD_POS?LCD12864
            CODE    0C8FH     001DH     UNIT         ?PR?DS1820RST?DS18B20
            CODE    0CACH     001DH     UNIT         ?PR?_BEEBEE_100?OTHER
            CODE    0CC9H     001DH     UNIT         ?PR?_BEEBEE_200?OTHER
            CODE    0CE6H     001BH     UNIT         ?PR?_LCD_WDAT?LCD12864
            CODE    0D01H     001AH     UNIT         ?C_INITSEG
            CODE    0D1BH     0013H     UNIT         ?PR?INF_INIT?INF
            CODE    0D2EH     0011H     UNIT         ?CO?LED
            CODE    0D3FH     0010H     UNIT         ?PR?MAIN?MAIN
            CODE    0D4FH     0010H     UNIT         ?PR?_DIS_CHAR?LCD12864
            CODE    0D5FH     000FH     UNIT         ?PR?SYS_INIT?MAIN
            CODE    0D6EH     000EH     UNIT         ?PR?LED_INIT?LED
            CODE    0D7CH     000CH     UNIT         ?PR?STOP_DISPLAY?LED
            CODE    0D88H     000CH     UNIT         ?PR?MCU_TYPE_JUDGE?MAIN
            CODE    0D94H     000CH     UNIT         ?PR?CLEAR_DIS12864?LCD12864
            CODE    0DA0H     0007H     UNIT         ?PR?TIME0_ISR?INF
            CODE    0DA7H     0007H     UNIT         ?PR?KEY_INIT?MAIN



OVERLAY MAP OF MODULE:   Test (DS18B20)


SEGMENT                               DATA_GROUP 
  +--> CALLED SEGMENT               START    LENGTH
---------------------------------------------------
?PR?TIME1?LED                       -----    -----
  +--> ?PR?_LED_DISPLAY?LED

?PR?_LED_DISPLAY?LED                -----    -----
  +--> ?CO?LED

*** NEW ROOT ***************************************************

?PR?INT1_ISR?MAIN                   -----    -----
BL51 BANKED LINKER/LOCATER V6.22                                                      05/19/2017  15:53:20  PAGE 3


  +--> ?PR?_DELAY_1MS?OTHER

*** NEW ROOT ***************************************************

?C_C51STARTUP                       -----    -----
  +--> ?PR?MAIN?MAIN
  +--> ?C_INITSEG

?PR?MAIN?MAIN                       -----    -----
  +--> ?PR?SYS_INIT?MAIN
  +--> ?PR?AUTO_TEST?MAIN
  +--> ?PR?MANUAL_TEST?MAIN

?PR?SYS_INIT?MAIN                   -----    -----
  +--> ?PR?MCU_TYPE_JUDGE?MAIN
  +--> ?PR?MODE_JUDGE?MAIN
  +--> ?PR?LED_INIT?LED
  +--> ?PR?INF_INIT?INF
  +--> ?PR?KEY_INIT?MAIN

?PR?MODE_JUDGE?MAIN                 0021H    0001H
  +--> ?PR?_BEEBEE_100?OTHER
  +--> ?PR?KEY_TEST?MAIN

?PR?_BEEBEE_100?OTHER               -----    -----
  +--> ?PR?_DELAY_1MS?OTHER

?PR?AUTO_TEST?MAIN                  -----    -----
  +--> ?PR?_LIUSHUI_TEST?MAIN
  +--> ?PR?_LED_TEST?MAIN
  +--> ?PR?_TEMP_TEST?MAIN
  +--> ?PR?INF_TEST?MAIN
  +--> ?PR?_LCD12864_TEST?MAIN
  +--> ?PR?_BEEBEE_100?OTHER

?PR?_LIUSHUI_TEST?MAIN              0021H    0004H
  +--> ?PR?_BEEBEE_200?OTHER
  +--> ?PR?_DELAY_1MS?OTHER

?PR?_BEEBEE_200?OTHER               -----    -----
  +--> ?PR?_DELAY_1MS?OTHER

?PR?_LED_TEST?MAIN                  0021H    0005H
  +--> ?PR?_BEEBEE_200?OTHER
  +--> ?PR?_DELAY_1MS?OTHER
  +--> ?PR?STOP_DISPLAY?LED

?PR?_TEMP_TEST?MAIN                 0021H    0005H
  +--> ?PR?_BEEBEE_200?OTHER
  +--> ?PR?READ_TEMP?DS18B20
  +--> ?PR?_DELAY_1MS?OTHER
  +--> ?PR?STOP_DISPLAY?LED

?PR?READ_TEMP?DS18B20               0026H    0001H
  +--> ?PR?DS1820RST?DS18B20
  +--> ?PR?_DS1820WR?DS18B20
  +--> ?PR?DS1820RD?DS18B20
BL51 BANKED LINKER/LOCATER V6.22                                                      05/19/2017  15:53:20  PAGE 4



?PR?DS1820RST?DS18B20               0027H    0001H
  +--> ?PR?_DELAY_1US?OTHER

?PR?_DS1820WR?DS18B20               0027H    0002H
  +--> ?PR?_DELAY_1US?OTHER

?PR?DS1820RD?DS18B20                0027H    0002H
  +--> ?PR?_DELAY_1US?OTHER

?PR?INF_TEST?MAIN                   0021H    0002H
  +--> ?PR?_BEEBEE_200?OTHER
  +--> ?PR?_BEEBEE_100?OTHER
  +--> ?PR?STOP_DISPLAY?LED

?PR?_LCD12864_TEST?MAIN             0021H    004FH
  +--> ?CO?MAIN
  +--> ?PR?LCD_INIT?LCD12864
  +--> ?PR?_BEEBEE_200?OTHER
  +--> ?PR?_DIS_MANY?LCD12864
  +--> ?PR?_DELAY_1MS?OTHER
  +--> ?PR?CLEAR_DIS12864?LCD12864

?PR?LCD_INIT?LCD12864               -----    -----
  +--> ?PR?_LCD_WCMD?LCD12864
  +--> ?PR?_DELAY_1MS?OTHER

?PR?_LCD_WCMD?LCD12864              0075H    0001H
  +--> ?PR?_DELAY_1US?OTHER

?PR?_DIS_MANY?LCD12864              0070H    0005H
  +--> ?PR?_LCD_POS?LCD12864
  +--> ?PR?_LCD_WDAT?LCD12864

?PR?_LCD_POS?LCD12864               -----    -----
  +--> ?PR?_LCD_WCMD?LCD12864

?PR?_LCD_WDAT?LCD12864              -----    -----
  +--> ?PR?_DELAY_1US?OTHER

?PR?CLEAR_DIS12864?LCD12864         -----    -----
  +--> ?PR?_LCD_WCMD?LCD12864
  +--> ?PR?_DELAY_1MS?OTHER

?PR?MANUAL_TEST?MAIN                -----    -----
  +--> ?PR?_LIUSHUI_TEST?MAIN
  +--> ?PR?_LED_TEST?MAIN
  +--> ?PR?_TEMP_TEST?MAIN
  +--> ?PR?INF_TEST?MAIN
  +--> ?PR?_LCD12864_TEST?MAIN
  +--> ?PR?_BEEBEE_100?OTHER



SYMBOL TABLE OF MODULE:  Test (DS18B20)

  VALUE           TYPE          NAME
BL51 BANKED LINKER/LOCATER V6.22                                                      05/19/2017  15:53:20  PAGE 5


  ----------------------------------

  -------         MODULE        DS18B20
  C:0000H         SYMBOL        _ICE_DUMMY_
  C:0C8FH         PUBLIC        ds1820rst
  D:0090H         PUBLIC        P1
  D:00A0H         PUBLIC        P2
  D:00B0H         PUBLIC        P3
  D:00A8H         PUBLIC        IE
  C:0C01H         PUBLIC        _ds1820wr
  D:0016H         PUBLIC        tflag
  B:00A0H.6       PUBLIC        DQ
  D:00B8H         PUBLIC        IP
  D:0098H         PUBLIC        SCON
  D:0088H         PUBLIC        TCON
  C:08E3H         PUBLIC        read_temp
  D:00C8H         PUBLIC        T2CON
  D:00D0H         PUBLIC        PSW
  C:0B82H         PUBLIC        ds1820rd
  -------         PROC          DS1820RST
  -------         DO            
  D:0027H         SYMBOL        x
  -------         ENDDO         
  C:0C8FH         LINE#         4
  C:0C8FH         LINE#         5
  C:0C8FH         LINE#         6
  C:0C92H         LINE#         7
  C:0C94H         LINE#         8
  C:0C9AH         LINE#         9
  C:0C9CH         LINE#         10
  C:0CA3H         LINE#         11
  C:0CA5H         LINE#         12
  -------         ENDPROC       DS1820RST
  -------         PROC          DS1820RD
  -------         DO            
  D:0027H         SYMBOL        i
  D:0028H         SYMBOL        dat
  -------         ENDDO         
  C:0B82H         LINE#         15
  C:0B82H         LINE#         16
  C:0B82H         LINE#         17
  C:0B85H         LINE#         18
  C:0B87H         LINE#         19
  C:0B8AH         LINE#         20
  C:0B8CH         LINE#         21
  C:0B92H         LINE#         22
  C:0B94H         LINE#         23
  C:0B97H         LINE#         24
  C:0B9AH         LINE#         25
  C:0BA1H         LINE#         26
  C:0BAAH         LINE#         27
  C:0BACH         LINE#         28
  -------         ENDPROC       DS1820RD
  -------         PROC          _DS1820WR
  D:0027H         SYMBOL        wdata
  -------         DO            
  D:0028H         SYMBOL        i
BL51 BANKED LINKER/LOCATER V6.22                                                      05/19/2017  15:53:20  PAGE 6


  -------         ENDDO         
  C:0C01H         LINE#         29
  C:0C03H         LINE#         30
  C:0C03H         LINE#         31
  C:0C06H         LINE#         32
  C:0C09H         LINE#         33
  C:0C09H         LINE#         34
  C:0C0BH         LINE#         35
  C:0C10H         LINE#         36
  C:0C17H         LINE#         37
  C:0C19H         LINE#         38
  C:0C1FH         LINE#         39
  C:0C28H         LINE#         40
  -------         ENDPROC       _DS1820WR
  -------         PROC          READ_TEMP
  -------         DO            
  D:0026H         SYMBOL        a
  D:0007H         SYMBOL        b
  D:0006H         SYMBOL        tvalue
  -------         ENDDO         
  C:08E3H         LINE#         41
  C:08E3H         LINE#         42
  C:08E3H         LINE#         45
  C:08E6H         LINE#         46
  C:08EBH         LINE#         47
  C:08F0H         LINE#         48
  C:08F3H         LINE#         49
  C:08F8H         LINE#         50
  C:08FDH         LINE#         51
  C:0902H         LINE#         52
  C:0905H         LINE#         53
  C:0905H         LINE#         54
  C:0907H         LINE#         55
  C:090AH         LINE#         56
  C:0912H         LINE#         57
  C:0912H         LINE#         58
  C:0915H         LINE#         59
  C:0917H         LINE#         61
  C:0917H         LINE#         62
  C:0924H         LINE#         63
  C:0927H         LINE#         64
  C:0927H         LINE#         65
  C:093CH         LINE#         66
  C:093CH         LINE#         67
  -------         ENDPROC       READ_TEMP
  -------         ENDMOD        DS18B20

  -------         MODULE        INF
  C:0000H         SYMBOL        _ICE_DUMMY_
  D:0090H         PUBLIC        P1
  D:00A0H         PUBLIC        P2
  D:00B0H         PUBLIC        P3
  B:00A8H.7       PUBLIC        EA
  C:0687H         PUBLIC        Int0_isr
  B:0020H.2       PUBLIC        Infrared_Flag
  D:0008H         PUBLIC        Infrared_Code
  D:00A8H         PUBLIC        IE
BL51 BANKED LINKER/LOCATER V6.22                                                      05/19/2017  15:53:20  PAGE 7


  D:00B8H         PUBLIC        IP
  D:000CH         PUBLIC        Infrared_Time
  D:000EH         PUBLIC        Infrared_Step
  D:0098H         PUBLIC        SCON
  D:0089H         PUBLIC        TMOD
  D:0088H         PUBLIC        TCON
  D:000FH         PUBLIC        Infrared_Num
  B:00A8H.1       PUBLIC        ET0
  D:008CH         PUBLIC        TH0
  B:00A8H.0       PUBLIC        EX0
  B:0088H.0       PUBLIC        IT0
  D:008AH         PUBLIC        TL0
  C:0D1BH         PUBLIC        INF_Init
  B:0088H.4       PUBLIC        TR0
  D:00C8H         PUBLIC        T2CON
  C:0DA0H         PUBLIC        Time0_isr
  D:00D0H         PUBLIC        PSW
  -------         PROC          INF_INIT
  C:0D1BH         LINE#         10
  C:0D1BH         LINE#         11
  C:0D1BH         LINE#         12
  C:0D1EH         LINE#         13
  C:0D21H         LINE#         14
  C:0D23H         LINE#         15
  C:0D25H         LINE#         16
  C:0D27H         LINE#         18
  C:0D29H         LINE#         20
  C:0D2BH         LINE#         21
  C:0D2DH         LINE#         22
  -------         ENDPROC       INF_INIT
  -------         PROC          TIME0_ISR
  C:0DA0H         LINE#         24
  C:0DA0H         LINE#         26
  C:0DA3H         LINE#         27
  C:0DA6H         LINE#         28
  -------         ENDPROC       TIME0_ISR
  -------         PROC          INT0_ISR
  C:0687H         LINE#         37
  C:0698H         LINE#         39
  C:06A8H         LINE#         40
  C:06ABH         LINE#         41
  C:06AEH         LINE#         42
  C:06B2H         LINE#         43
  C:06B2H         LINE#         44
  C:06C7H         LINE#         45
  C:06C7H         LINE#         46
  C:06CAH         LINE#         47
  C:06CDH         LINE#         49
  C:06CDH         LINE#         50
  C:06CDH         LINE#         51
  C:06CDH         LINE#         52
  C:06D0H         LINE#         53
  C:06D6H         LINE#         54
  C:06D6H         LINE#         55
  C:06EBH         LINE#         56
  C:06EBH         LINE#         57
  C:06FEH         LINE#         58
BL51 BANKED LINKER/LOCATER V6.22                                                      05/19/2017  15:53:20  PAGE 8


  C:0705H         LINE#         59
  C:0705H         LINE#         60
  C:0707H         LINE#         61
  C:071CH         LINE#         62
  C:071CH         LINE#         63
  C:072FH         LINE#         64
  C:0737H         LINE#         65
  C:0739H         LINE#         66
  C:0739H         LINE#         68
  C:0740H         LINE#         69
  C:0740H         LINE#         70
  C:0743H         LINE#         71
  C:0746H         LINE#         72
  C:074CH         LINE#         73
  C:074CH         LINE#         74
  C:074EH         LINE#         75
  C:074EH         LINE#         76
  C:074EH         LINE#         77
  C:0750H         LINE#         79
  C:0750H         LINE#         80
  C:0753H         LINE#         81
  C:0753H         LINE#         82
  -------         ENDPROC       INT0_ISR
  -------         ENDMOD        INF

  -------         MODULE        LED
  C:0000H         SYMBOL        _ICE_DUMMY_
  D:0080H         PUBLIC        P0
  D:0090H         PUBLIC        P1
  D:00A0H         PUBLIC        P2
  D:00B0H         PUBLIC        P3
  D:00A8H         PUBLIC        IE
  C:0874H         PUBLIC        _LED_Display
  D:00B8H         PUBLIC        IP
  C:0D2EH         PUBLIC        LED_Code
  D:0098H         PUBLIC        SCON
  D:0089H         PUBLIC        TMOD
  D:0088H         PUBLIC        TCON
  D:0010H         PUBLIC        Display_Buff
  C:0A7EH         PUBLIC        Time1
  B:00A8H.3       PUBLIC        ET1
  D:0014H         PUBLIC        Display_Time
  C:0D6EH         PUBLIC        LED_Init
  D:008DH         PUBLIC        TH1
  B:00A0H.0       PUBLIC        LED_WA
  B:00A0H.1       PUBLIC        LED_WB
  B:00A0H.2       PUBLIC        LED_WC
  B:00A0H.3       PUBLIC        LED_WD
  D:008BH         PUBLIC        TL1
  B:0088H.6       PUBLIC        TR1
  C:0D7CH         PUBLIC        Stop_Display
  D:00C8H         PUBLIC        T2CON
  D:0015H         PUBLIC        Display_Num
  D:00D0H         PUBLIC        PSW
  -------         PROC          LED_INIT
  C:0D6EH         LINE#         22
  C:0D6EH         LINE#         23
BL51 BANKED LINKER/LOCATER V6.22                                                      05/19/2017  15:53:20  PAGE 9


  C:0D6EH         LINE#         25
  C:0D71H         LINE#         26
  C:0D74H         LINE#         27
  C:0D77H         LINE#         28
  C:0D79H         LINE#         29
  C:0D7BH         LINE#         32
  -------         ENDPROC       LED_INIT
  -------         PROC          STOP_DISPLAY
  C:0D7CH         LINE#         35
  C:0D7CH         LINE#         36
  C:0D7CH         LINE#         37
  C:0D7EH         LINE#         38
  C:0D80H         LINE#         39
  C:0D82H         LINE#         40
  C:0D84H         LINE#         41
  C:0D87H         LINE#         42
  -------         ENDPROC       STOP_DISPLAY
  -------         PROC          _LED_DISPLAY
  D:0007H         SYMBOL        num
  D:0005H         SYMBOL        dot
  C:0874H         LINE#         51
  C:0874H         LINE#         52
  C:0874H         LINE#         53
  C:0882H         LINE#         54
  C:0882H         LINE#         55
  C:0882H         LINE#         56
  C:0882H         LINE#         57
  C:0884H         LINE#         58
  C:0886H         LINE#         59
  C:0888H         LINE#         60
  C:088AH         LINE#         61
  C:088DH         LINE#         62
  C:088DH         LINE#         63
  C:0893H         LINE#         64
  C:0895H         LINE#         66
  C:0895H         LINE#         67
  C:089DH         LINE#         68
  C:089DH         LINE#         69
  C:089EH         LINE#         70
  C:089EH         LINE#         71
  C:089EH         LINE#         72
  C:08A0H         LINE#         73
  C:08A2H         LINE#         74
  C:08A4H         LINE#         75
  C:08A6H         LINE#         76
  C:08AFH         LINE#         77
  C:08AFH         LINE#         78
  C:08AFH         LINE#         79
  C:08B1H         LINE#         81
  C:08B1H         LINE#         82
  C:08B3H         LINE#         83
  C:08B3H         LINE#         84
  C:08B4H         LINE#         85
  C:08B4H         LINE#         86
  C:08B4H         LINE#         87
  C:08B6H         LINE#         88
  C:08B8H         LINE#         89
BL51 BANKED LINKER/LOCATER V6.22                                                      05/19/2017  15:53:20  PAGE 10


  C:08BAH         LINE#         90
  C:08BCH         LINE#         91
  C:08C5H         LINE#         92
  C:08C5H         LINE#         93
  C:08C5H         LINE#         94
  C:08C7H         LINE#         96
  C:08C7H         LINE#         97
  C:08C9H         LINE#         98
  C:08C9H         LINE#         99
  C:08CAH         LINE#         100
  C:08CAH         LINE#         101
  C:08CAH         LINE#         102
  C:08CCH         LINE#         103
  C:08CEH         LINE#         104
  C:08D0H         LINE#         105
  C:08D2H         LINE#         106
  C:08DBH         LINE#         107
  C:08DBH         LINE#         108
  C:08DFH         LINE#         109
  C:08E0H         LINE#         111
  C:08E0H         LINE#         112
  C:08E2H         LINE#         113
  C:08E2H         LINE#         114
  C:08E2H         LINE#         115
  C:08E2H         LINE#         116
  C:08E2H         LINE#         117
  -------         ENDPROC       _LED_DISPLAY
  -------         PROC          TIME1
  C:0A7EH         LINE#         126
  C:0A8DH         LINE#         128
  C:0A90H         LINE#         129
  C:0A93H         LINE#         130
  C:0A95H         LINE#         131
  C:0A9CH         LINE#         132
  C:0A9CH         LINE#         133
  C:0A9FH         LINE#         134
  C:0AA6H         LINE#         135
  C:0AADH         LINE#         136
  C:0AADH         LINE#         137
  C:0AAFH         LINE#         138
  C:0AB1H         LINE#         140
  C:0AB1H         LINE#         141
  C:0AB4H         LINE#         142
  C:0AB4H         LINE#         143
  C:0AB4H         LINE#         144
  -------         ENDPROC       TIME1
  -------         ENDMOD        LED

  -------         MODULE        MAIN
  C:0000H         SYMBOL        _ICE_DUMMY_
  C:07EEH         PUBLIC        INF_test
  D:0090H         PUBLIC        P1
  D:00A0H         PUBLIC        P2
  D:00B0H         PUBLIC        P3
  C:0AC1H         PUBLIC        Manual_test
  B:00A8H.7       PUBLIC        EA
  B:0020H.0       PUBLIC        MCU_TYPE
BL51 BANKED LINKER/LOCATER V6.22                                                      05/19/2017  15:53:20  PAGE 11


  C:093DH         PUBLIC        _Liushui_test
  D:00A8H         PUBLIC        IE
  D:00B8H         PUBLIC        IP
  B:00A0H.5       PUBLIC        BEEP
  C:0DA7H         PUBLIC        Key_Init
  C:0D3FH         PUBLIC        main
  C:0995H         PUBLIC        int1_isr
  D:0098H         PUBLIC        SCON
  D:0088H         PUBLIC        TCON
  C:0D5FH         PUBLIC        Sys_Init
  C:0A38H         PUBLIC        Auto_test
  C:0D88H         PUBLIC        Mcu_type_judge
  D:0017H         PUBLIC        step
  D:00A1H         PUBLIC        TEST
  C:09EBH         SYMBOL        _?ix1000
  C:09F8H         SYMBOL        _?ix1001
  C:0A05H         SYMBOL        _?ix1002
  C:0A12H         SYMBOL        _?ix1003
  C:0A1FH         SYMBOL        _?ix1004
  C:0A28H         SYMBOL        _?ix1005
  C:0BADH         PUBLIC        Key_test
  B:00A8H.2       PUBLIC        EX1
  B:0088H.2       PUBLIC        IT1
  B:0088H.6       PUBLIC        TR1
  C:0486H         PUBLIC        _TEMP_test
  B:00B0H.2       PUBLIC        Key0
  B:00B0H.3       PUBLIC        Key1
  B:00B0H.4       PUBLIC        Key2
  B:00B0H.5       PUBLIC        Key3
  D:00C8H         PUBLIC        T2CON
  B:0020H.1       PUBLIC        TES_MODE
  C:0589H         PUBLIC        _LED_test
  C:0B25H         PUBLIC        Mode_judge
  D:00D0H         PUBLIC        PSW
  C:0367H         PUBLIC        _LCD12864_test
  -------         PROC          MCU_TYPE_JUDGE
  C:0D88H         LINE#         7
  C:0D88H         LINE#         8
  C:0D88H         LINE#         9
  C:0D8EH         LINE#         10
  C:0D8EH         LINE#         11
  C:0D90H         LINE#         12
  C:0D91H         LINE#         14
  C:0D91H         LINE#         15
  C:0D93H         LINE#         16
  C:0D93H         LINE#         17
  -------         ENDPROC       MCU_TYPE_JUDGE
  -------         PROC          KEY_TEST
  -------         DO            
  D:0007H         SYMBOL        temp
  -------         ENDDO         
  C:0BADH         LINE#         20
  C:0BADH         LINE#         21
  C:0BADH         LINE#         22
  C:0BAFH         LINE#         23
  C:0BB2H         LINE#         24
  C:0BB2H         LINE#         25
BL51 BANKED LINKER/LOCATER V6.22                                                      05/19/2017  15:53:20  PAGE 12


  C:0BB5H         LINE#         26
  C:0BB5H         LINE#         27
  C:0BB7H         LINE#         28
  C:0BBAH         LINE#         29
  C:0BBAH         LINE#         30
  C:0BBDH         LINE#         31
  C:0BBDH         LINE#         32
  C:0BBFH         LINE#         33
  C:0BC2H         LINE#         34
  C:0BC2H         LINE#         35
  C:0BC5H         LINE#         36
  C:0BC5H         LINE#         37
  C:0BC7H         LINE#         38
  C:0BCAH         LINE#         39
  C:0BCAH         LINE#         40
  C:0BCDH         LINE#         41
  C:0BCDH         LINE#         42
  C:0BCFH         LINE#         43
  C:0BD2H         LINE#         44
  C:0BD2H         LINE#         45
  C:0BD4H         LINE#         46
  C:0BD6H         LINE#         48
  -------         ENDPROC       KEY_TEST
  -------         PROC          MODE_JUDGE
  -------         DO            
  D:0021H         SYMBOL        i
  -------         ENDDO         
  C:0B25H         LINE#         51
  C:0B25H         LINE#         52
  C:0B25H         LINE#         53
  C:0B28H         LINE#         54
  C:0B2DH         LINE#         55
  C:0B31H         LINE#         56
  C:0B31H         LINE#         57
  C:0B34H         LINE#         58
  C:0B34H         LINE#         59
  C:0B36H         LINE#         60
  C:0B39H         LINE#         61
  C:0B3CH         LINE#         62
  C:0B3CH         LINE#         63
  C:0B3FH         LINE#         64
  C:0B3FH         LINE#         65
  C:0B42H         LINE#         66
  C:0B45H         LINE#         67
  C:0B48H         LINE#         68
  C:0B48H         LINE#         69
  C:0B4BH         LINE#         70
  C:0B4BH         LINE#         71
  C:0B4DH         LINE#         72
  C:0B50H         LINE#         73
  C:0B55H         LINE#         76
  -------         ENDPROC       MODE_JUDGE
  -------         PROC          _LIUSHUI_TEST
  D:0021H         SYMBOL        num
  -------         DO            
  D:0022H         SYMBOL        i
  D:0023H         SYMBOL        j
BL51 BANKED LINKER/LOCATER V6.22                                                      05/19/2017  15:53:20  PAGE 13


  D:0024H         SYMBOL        LEDdis
  -------         ENDDO         
  C:093DH         LINE#         78
  C:093FH         LINE#         79
  C:093FH         LINE#         81
  C:0942H         LINE#         82
  C:094BH         LINE#         83
  C:094BH         LINE#         84
  C:0950H         LINE#         85
  C:0953H         LINE#         86
  C:0953H         LINE#         87
  C:0956H         LINE#         88
  C:095CH         LINE#         89
  C:095FH         LINE#         90
  C:0966H         LINE#         91
  C:096FH         LINE#         92
  C:0972H         LINE#         93
  C:0975H         LINE#         94
  C:0975H         LINE#         95
  C:097AH         LINE#         96
  C:0980H         LINE#         97
  C:0987H         LINE#         98
  C:0990H         LINE#         99
  C:0994H         LINE#         100
  -------         ENDPROC       _LIUSHUI_TEST
  -------         PROC          _LED_TEST
  D:0021H         SYMBOL        num
  -------         DO            
  D:0022H         SYMBOL        i
  D:0023H         SYMBOL        j
  D:0024H         SYMBOL        temp
  -------         ENDDO         
  C:0589H         LINE#         102
  C:058BH         LINE#         103
  C:058BH         LINE#         105
  C:0590H         LINE#         106
  C:0594H         LINE#         107
  C:05AEH         LINE#         108
  C:05C8H         LINE#         109
  C:05E2H         LINE#         110
  C:05EFH         LINE#         111
  C:05F1H         LINE#         112
  C:05FEH         LINE#         113
  C:05FEH         LINE#         114
  C:0603H         LINE#         115
  C:0606H         LINE#         116
  C:0606H         LINE#         117
  C:0615H         LINE#         118
  C:062BH         LINE#         119
  C:0645H         LINE#         120
  C:065FH         LINE#         121
  C:066CH         LINE#         122
  C:0673H         LINE#         123
  C:067CH         LINE#         124
  C:0681H         LINE#         125
  C:0684H         LINE#         126
  C:0686H         LINE#         127
BL51 BANKED LINKER/LOCATER V6.22                                                      05/19/2017  15:53:20  PAGE 14


  -------         ENDPROC       _LED_TEST
  -------         PROC          _TEMP_TEST
  D:0021H         SYMBOL        num
  -------         DO            
  D:0022H         SYMBOL        i
  D:0023H         SYMBOL        j
  D:0024H         SYMBOL        temp
  -------         ENDDO         
  C:0486H         LINE#         129
  C:0488H         LINE#         130
  C:0488H         LINE#         132
  C:048DH         LINE#         133
  C:0491H         LINE#         134
  C:04ABH         LINE#         135
  C:04C5H         LINE#         136
  C:04DFH         LINE#         137
  C:04ECH         LINE#         138
  C:04EEH         LINE#         139
  C:04FBH         LINE#         140
  C:04FBH         LINE#         141
  C:0500H         LINE#         142
  C:0503H         LINE#         143
  C:0503H         LINE#         144
  C:050AH         LINE#         145
  C:050EH         LINE#         146
  C:050EH         LINE#         148
  C:0511H         LINE#         149
  C:0513H         LINE#         151
  C:0513H         LINE#         152
  C:052DH         LINE#         153
  C:052DH         LINE#         154
  C:0547H         LINE#         155
  C:0561H         LINE#         156
  C:056EH         LINE#         157
  C:0575H         LINE#         158
  C:057EH         LINE#         159
  C:0583H         LINE#         160
  C:0586H         LINE#         161
  C:0588H         LINE#         162
  -------         ENDPROC       _TEMP_TEST
  -------         PROC          INF_TEST
  -------         DO            
  D:0021H         SYMBOL        i
  D:0022H         SYMBOL        tstep
  -------         ENDDO         
  C:07EEH         LINE#         164
  C:07EEH         LINE#         165
  C:07EEH         LINE#         166
  C:07F1H         LINE#         167
  C:07F4H         LINE#         168
  C:07F7H         LINE#         169
  C:07F9H         LINE#         170
  C:07FBH         LINE#         171
  C:07FDH         LINE#         172
  C:07FFH         LINE#         173
  C:0804H         LINE#         174
  C:0808H         LINE#         175
BL51 BANKED LINKER/LOCATER V6.22                                                      05/19/2017  15:53:20  PAGE 15


  C:0808H         LINE#         176
  C:080BH         LINE#         177
  C:080BH         LINE#         178
  C:080DH         LINE#         179
  C:082BH         LINE#         180
  C:0845H         LINE#         181
  C:0853H         LINE#         182
  C:085CH         LINE#         183
  C:0861H         LINE#         184
  C:0863H         LINE#         185
  C:0863H         LINE#         186
  C:0869H         LINE#         187
  C:0869H         LINE#         188
  C:086CH         LINE#         189
  C:086CH         LINE#         190
  C:086EH         LINE#         191
  C:0871H         LINE#         192
  C:0873H         LINE#         193
  -------         ENDPROC       INF_TEST
  -------         PROC          _LCD12864_TEST
  D:0021H         SYMBOL        num
  -------         DO            
  D:0022H         SYMBOL        i
  D:0023H         SYMBOL        word0
  D:0030H         SYMBOL        word1
  D:003DH         SYMBOL        word2
  D:004AH         SYMBOL        word3
  D:0057H         SYMBOL        word4
  D:0060H         SYMBOL        word5
  -------         ENDDO         
  C:0367H         LINE#         195
  C:0369H         LINE#         196
  C:0369H         LINE#         198
  C:037CH         LINE#         199
  C:038FH         LINE#         200
  C:03A2H         LINE#         201
  C:03B5H         LINE#         202
  C:03C8H         LINE#         203
  C:03DBH         LINE#         204
  C:03DEH         LINE#         205
  C:03E8H         LINE#         206
  C:03E8H         LINE#         207
  C:03EDH         LINE#         208
  C:03FAH         LINE#         209
  C:0401H         LINE#         210
  C:040FH         LINE#         211
  C:0416H         LINE#         212
  C:0424H         LINE#         213
  C:042BH         LINE#         214
  C:0439H         LINE#         215
  C:0440H         LINE#         216
  C:0443H         LINE#         217
  C:0447H         LINE#         218
  C:0455H         LINE#         219
  C:045CH         LINE#         220
  C:046AH         LINE#         221
  C:0471H         LINE#         222
BL51 BANKED LINKER/LOCATER V6.22                                                      05/19/2017  15:53:20  PAGE 16


  C:047FH         LINE#         223
  -------         ENDPROC       _LCD12864_TEST
  -------         PROC          AUTO_TEST
  C:0A38H         LINE#         228
  C:0A38H         LINE#         229
  C:0A38H         LINE#         230
  C:0A4DH         LINE#         231
  C:0A4DH         LINE#         237
  C:0A4DH         LINE#         238
  C:0A4DH         LINE#         239
  C:0A52H         LINE#         240
  C:0A55H         LINE#         241
  C:0A56H         LINE#         242
  C:0A56H         LINE#         243
  C:0A56H         LINE#         244
  C:0A5BH         LINE#         245
  C:0A5EH         LINE#         246
  C:0A5FH         LINE#         247
  C:0A5FH         LINE#         248
  C:0A5FH         LINE#         249
  C:0A64H         LINE#         250
  C:0A67H         LINE#         251
  C:0A68H         LINE#         252
  C:0A68H         LINE#         253
  C:0A68H         LINE#         254
  C:0A6BH         LINE#         256
  C:0A6EH         LINE#         257
  C:0A6FH         LINE#         258
  C:0A6FH         LINE#         259
  C:0A6FH         LINE#         260
  C:0A74H         LINE#         261
  C:0A77H         LINE#         262
  C:0A78H         LINE#         263
  C:0A78H         LINE#         264
  C:0A78H         LINE#         265
  C:0A7DH         LINE#         266
  C:0A7DH         LINE#         267
  C:0A7DH         LINE#         268
  C:0A7DH         LINE#         269
  -------         ENDPROC       AUTO_TEST
  -------         PROC          MANUAL_TEST
  C:0AC1H         LINE#         271
  C:0AC1H         LINE#         272
  C:0AC1H         LINE#         273
  C:0AD6H         LINE#         274
  C:0AD6H         LINE#         275
  C:0AD6H         LINE#         276
  C:0AD6H         LINE#         277
  C:0ADBH         LINE#         278
  C:0ADBH         LINE#         279
  C:0ADBH         LINE#         280
  C:0ADBH         LINE#         281
  C:0AE0H         LINE#         282
  C:0AE0H         LINE#         283
  C:0AE0H         LINE#         284
  C:0AE0H         LINE#         285
  C:0AE5H         LINE#         286
BL51 BANKED LINKER/LOCATER V6.22                                                      05/19/2017  15:53:20  PAGE 17


  C:0AE5H         LINE#         287
  C:0AE5H         LINE#         288
  C:0AE5H         LINE#         289
  C:0AE8H         LINE#         290
  C:0AE8H         LINE#         291
  C:0AE8H         LINE#         292
  C:0AE8H         LINE#         293
  C:0AEDH         LINE#         294
  C:0AEDH         LINE#         295
  C:0AEDH         LINE#         296
  C:0AEDH         LINE#         297
  C:0AF2H         LINE#         298
  C:0AF2H         LINE#         299
  C:0AF2H         LINE#         300
  C:0AF2H         LINE#         301
  -------         ENDPROC       MANUAL_TEST
  -------         PROC          KEY_INIT
  C:0DA7H         LINE#         303
  C:0DA7H         LINE#         304
  C:0DA7H         LINE#         305
  C:0DA9H         LINE#         307
  C:0DABH         LINE#         308
  C:0DADH         LINE#         309
  -------         ENDPROC       KEY_INIT
  -------         PROC          SYS_INIT
  C:0D5FH         LINE#         311
  C:0D5FH         LINE#         312
  C:0D5FH         LINE#         313
  C:0D62H         LINE#         314
  C:0D65H         LINE#         315
  C:0D68H         LINE#         316
  C:0D6BH         LINE#         317
  -------         ENDPROC       SYS_INIT
  -------         PROC          MAIN
  C:0D3FH         LINE#         321
  C:0D3FH         LINE#         322
  C:0D3FH         LINE#         323
  C:0D42H         LINE#         324
  C:0D42H         LINE#         325
  C:0D42H         LINE#         326
  C:0D45H         LINE#         327
  C:0D45H         LINE#         328
  C:0D48H         LINE#         329
  C:0D4AH         LINE#         331
  C:0D4AH         LINE#         332
  C:0D4DH         LINE#         333
  C:0D4DH         LINE#         334
  -------         ENDPROC       MAIN
  -------         PROC          INT1_ISR
  C:0995H         LINE#         337
  C:09B2H         LINE#         339
  C:09B5H         LINE#         340
  C:09B5H         LINE#         341
  C:09BCH         LINE#         342
  C:09BFH         LINE#         343
  C:09BFH         LINE#         344
  C:09C6H         LINE#         345
BL51 BANKED LINKER/LOCATER V6.22                                                      05/19/2017  15:53:20  PAGE 18


  C:09C6H         LINE#         346
  C:09C8H         LINE#         347
  C:09CAH         LINE#         349
  C:09CAH         LINE#         350
  C:09CDH         LINE#         351
  C:09CDH         LINE#         352
  C:09D0H         LINE#         353
  C:09D0H         LINE#         354
  C:09D0H         LINE#         355
  -------         ENDPROC       INT1_ISR
  -------         ENDMOD        MAIN

  -------         MODULE        OTHER
  C:0000H         SYMBOL        _ICE_DUMMY_
  D:0090H         PUBLIC        P1
  D:00A0H         PUBLIC        P2
  D:00B0H         PUBLIC        P3
  D:00A8H         PUBLIC        IE
  D:00B8H         PUBLIC        IP
  B:00A0H.5       PUBLIC        BEEP
  C:0B56H         PUBLIC        _Delay_1MS
  C:0C4EH         PUBLIC        _Delay_1US
  C:0CACH         PUBLIC        _Beebee_100
  C:0CC9H         PUBLIC        _Beebee_200
  D:0098H         PUBLIC        SCON
  D:0088H         PUBLIC        TCON
  D:00C8H         PUBLIC        T2CON
  D:00D0H         PUBLIC        PSW
  -------         PROC          _DELAY_1MS
  D:0006H         SYMBOL        dtime
  -------         DO            
  D:0004H         SYMBOL        i
  D:0005H         SYMBOL        j
  -------         ENDDO         
  C:0B56H         LINE#         3
  C:0B56H         LINE#         4
  C:0B56H         LINE#         6
  C:0B59H         LINE#         7
  C:0B59H         LINE#         8
  C:0B63H         LINE#         9
  C:0B63H         LINE#         10
  C:0B65H         LINE#         11
  C:0B67H         LINE#         13
  C:0B67H         LINE#         14
  C:0B69H         LINE#         15
  C:0B6BH         LINE#         16
  C:0B6DH         LINE#         17
  C:0B6DH         LINE#         19
  C:0B6DH         LINE#         20
  C:0B77H         LINE#         21
  C:0B77H         LINE#         22
  C:0B79H         LINE#         23
  C:0B7BH         LINE#         25
  C:0B7BH         LINE#         26
  C:0B7DH         LINE#         27
  C:0B7FH         LINE#         28
  C:0B81H         LINE#         29
BL51 BANKED LINKER/LOCATER V6.22                                                      05/19/2017  15:53:20  PAGE 19


  C:0B81H         LINE#         30
  -------         ENDPROC       _DELAY_1MS
  -------         PROC          _DELAY_1US
  D:0006H         SYMBOL        dtime
  C:0C4EH         LINE#         33
  C:0C4EH         LINE#         34
  C:0C4EH         LINE#         35
  C:0C51H         LINE#         36
  C:0C51H         LINE#         37
  C:0C5DH         LINE#         40
  C:0C5DH         LINE#         41
  C:0C64H         LINE#         42
  C:0C6EH         LINE#         43
  C:0C6EH         LINE#         44
  -------         ENDPROC       _DELAY_1US
  -------         PROC          _BEEBEE_100
  D:0003H         SYMBOL        num
  C:0CACH         LINE#         47
  C:0CAEH         LINE#         48
  C:0CAEH         LINE#         49
  C:0CB4H         LINE#         50
  C:0CB4H         LINE#         51
  C:0CB6H         LINE#         52
  C:0CBDH         LINE#         53
  C:0CBFH         LINE#         54
  C:0CC6H         LINE#         55
  C:0CC8H         LINE#         56
  -------         ENDPROC       _BEEBEE_100
  -------         PROC          _BEEBEE_200
  D:0003H         SYMBOL        num
  C:0CC9H         LINE#         59
  C:0CCBH         LINE#         60
  C:0CCBH         LINE#         61
  C:0CD1H         LINE#         62
  C:0CD1H         LINE#         63
  C:0CD3H         LINE#         64
  C:0CDAH         LINE#         65
  C:0CDCH         LINE#         66
  C:0CE3H         LINE#         67
  C:0CE5H         LINE#         68
  -------         ENDPROC       _BEEBEE_200
  -------         ENDMOD        OTHER

  -------         MODULE        LCD12864
  C:0000H         SYMBOL        _ICE_DUMMY_
  D:0080H         PUBLIC        P0
  D:0090H         PUBLIC        P1
  D:00A0H         PUBLIC        P2
  D:00B0H         PUBLIC        P3
  D:00A8H         PUBLIC        IE
  D:00B8H         PUBLIC        IP
  B:00A0H.3       PUBLIC        LCD_PSB
  C:0D4FH         PUBLIC        _Dis_char
  D:0098H         PUBLIC        SCON
  D:0088H         PUBLIC        TCON
  C:0BD7H         PUBLIC        _Dis_many
  B:00A0H.2       PUBLIC        LCD_EN
BL51 BANKED LINKER/LOCATER V6.22                                                      05/19/2017  15:53:20  PAGE 20


  C:0AF3H         PUBLIC        LCD_Init
  B:00A0H.0       PUBLIC        LCD_RS
  B:00A0H.1       PUBLIC        LCD_RW
  C:0C29H         PUBLIC        _LCD_wcmd
  C:0CE6H         PUBLIC        _LCD_wdat
  D:00C8H         PUBLIC        T2CON
  C:0C6FH         PUBLIC        _lcd_pos
  C:0D94H         PUBLIC        Clear_Dis12864
  D:00D0H         PUBLIC        PSW
  -------         PROC          _LCD_WCMD
  D:0075H         SYMBOL        cmd
  C:0C29H         LINE#         18
  C:0C2BH         LINE#         19
  C:0C2BH         LINE#         20
  C:0C2DH         LINE#         21
  C:0C2FH         LINE#         22
  C:0C31H         LINE#         23
  C:0C38H         LINE#         24
  C:0C3BH         LINE#         25
  C:0C42H         LINE#         26
  C:0C44H         LINE#         27
  C:0C4BH         LINE#         28
  C:0C4DH         LINE#         29
  -------         ENDPROC       _LCD_WCMD
  -------         PROC          _LCD_WDAT
  D:0007H         SYMBOL        dat
  C:0CE6H         LINE#         36
  C:0CE6H         LINE#         37
  C:0CE6H         LINE#         38
  C:0CE8H         LINE#         39
  C:0CEAH         LINE#         40
  C:0CECH         LINE#         41
  C:0CEEH         LINE#         42
  C:0CF5H         LINE#         43
  C:0CF7H         LINE#         44
  C:0CFEH         LINE#         45
  C:0D00H         LINE#         46
  -------         ENDPROC       _LCD_WDAT
  -------         PROC          LCD_INIT
  C:0AF3H         LINE#         52
  C:0AF3H         LINE#         53
  C:0AF3H         LINE#         55
  C:0AF5H         LINE#         57
  C:0AFAH         LINE#         58
  C:0B01H         LINE#         59
  C:0B06H         LINE#         60
  C:0B0DH         LINE#         61
  C:0B12H         LINE#         62
  C:0B19H         LINE#         63
  C:0B1EH         LINE#         64
  -------         ENDPROC       LCD_INIT
  -------         PROC          CLEAR_DIS12864
  C:0D94H         LINE#         67
  C:0D94H         LINE#         68
  C:0D94H         LINE#         69
  C:0D99H         LINE#         70
  -------         ENDPROC       CLEAR_DIS12864
BL51 BANKED LINKER/LOCATER V6.22                                                      05/19/2017  15:53:20  PAGE 21


  -------         PROC          _LCD_POS
  D:0007H         SYMBOL        X
  D:0005H         SYMBOL        Y
  -------         DO            
  D:0007H         SYMBOL        pos
  -------         ENDDO         
  C:0C6FH         LINE#         78
  C:0C6FH         LINE#         79
  C:0C6FH         LINE#         81
  C:0C72H         LINE#         82
  C:0C72H         LINE#         83
  C:0C74H         LINE#         84
  C:0C76H         LINE#         85
  C:0C79H         LINE#         86
  C:0C79H         LINE#         87
  C:0C7BH         LINE#         88
  C:0C7DH         LINE#         89
  C:0C80H         LINE#         90
  C:0C80H         LINE#         91
  C:0C82H         LINE#         92
  C:0C84H         LINE#         93
  C:0C87H         LINE#         94
  C:0C87H         LINE#         95
  C:0C89H         LINE#         96
  C:0C89H         LINE#         97
  C:0C8CH         LINE#         98
  -------         ENDPROC       _LCD_POS
  -------         PROC          _DIS_MANY
  D:0070H         SYMBOL        ttc
  D:0007H         SYMBOL        x
  D:0074H         SYMBOL        y
  C:0BD7H         LINE#         102
  C:0BDFH         LINE#         103
  C:0BDFH         LINE#         104
  C:0BE4H         LINE#         105
  C:0BF0H         LINE#         106
  C:0BF0H         LINE#         107
  C:0BF3H         LINE#         108
  C:0BFEH         LINE#         109
  C:0C00H         LINE#         110
  -------         ENDPROC       _DIS_MANY
  -------         PROC          _DIS_CHAR
  D:0018H         SYMBOL        ttc
  D:0007H         SYMBOL        x
  D:0006H         SYMBOL        y
  C:0D4FH         LINE#         113
  C:0D55H         LINE#         114
  C:0D55H         LINE#         115
  C:0D5AH         LINE#         116
  -------         ENDPROC       _DIS_CHAR
  -------         ENDMOD        LCD12864

  -------         MODULE        ?C?FPMUL
  C:001EH         PUBLIC        ?C?FPMUL
  -------         ENDMOD        ?C?FPMUL

  -------         MODULE        ?C?FCAST
BL51 BANKED LINKER/LOCATER V6.22                                                      05/19/2017  15:53:20  PAGE 22


  C:012EH         PUBLIC        ?C?FCASTC
  C:0129H         PUBLIC        ?C?FCASTI
  C:0124H         PUBLIC        ?C?FCASTL
  -------         ENDMOD        ?C?FCAST

  -------         MODULE        ?C?CASTF
  C:0162H         PUBLIC        ?C?CASTF
  -------         ENDMOD        ?C?CASTF

  -------         MODULE        ?C?COPY
  C:02B3H         PUBLIC        ?C?COPY
  -------         ENDMOD        ?C?COPY

  -------         MODULE        ?C?CLDPTR
  C:02D9H         PUBLIC        ?C?CLDPTR
  -------         ENDMOD        ?C?CLDPTR

  -------         MODULE        ?C?IMUL
  C:02F2H         PUBLIC        ?C?IMUL
  -------         ENDMOD        ?C?IMUL

  -------         MODULE        ?C?UIDIV
  C:0304H         PUBLIC        ?C?UIDIV
  -------         ENDMOD        ?C?UIDIV

  -------         MODULE        ?C?LNEG
  C:0359H         PUBLIC        ?C?LNEG
  -------         ENDMOD        ?C?LNEG

*** WARNING L16: UNCALLED SEGMENT, IGNORED FOR OVERLAY PROCESS
    SEGMENT: ?PR?_DIS_CHAR?LCD12864

Program Size: data=111.3 xdata=0 code=3487
LINK/LOCATE RUN COMPLETE.  1 WARNING(S),  0 ERROR(S)
